MariaDB [(none)]> use collegeerp;
Database changed
MariaDB [collegeerp]> show tables;
+----------------------+
| Tables_in_collegeerp |
+----------------------+
| books                |
| dept                 |
| emp                  |
| issues               |
| location             |
| login                |
| roles                |
| stu                  |
| stu1                 |
| student              |
+----------------------+
10 rows in set (0.001 sec)

MariaDB [collegeerp]> select * from stu;
+-----+--------+-------+---------+
| rno | name   | fee   | monitor |
+-----+--------+-------+---------+
|   1 | amar   | 12000 |    NULL |
|   2 | ishwar | 12000 |       1 |
|   3 | eshwar | 12000 |       1 |
|   8 | ramesh |  NULL |       1 |
|   9 | test   |  5000 |       1 |
|  10 | test   |  NULL |      14 |
|  11 | test   |  5000 |       1 |
|  12 | test   |  NULL |      14 |
|  13 | kavi   | 45000 |       1 |
|  14 | jay    | 50000 |    NULL |
|  15 | shashi | 35000 |       1 |
|  16 | kapil  |  3300 |      14 |
+-----+--------+-------+---------+
12 rows in set (0.141 sec)

MariaDB [collegeerp]> select max(fee),min(fee),count(*),avg(fee),stddev(fee) from stu;
+----------+----------+----------+------------+-------------+
| max(fee) | min(fee) | count(*) | avg(fee)   | stddev(fee) |
+----------+----------+----------+------------+-------------+
|    50000 |     3300 |       12 | 19922.2222 |  17226.7091 |
+----------+----------+----------+------------+-------------+
1 row in set (0.092 sec)

MariaDB [collegeerp]> select max(fee),min(fee),count(*),avg(fee),stddev(fee),sum(fee) from stu;
+----------+----------+----------+------------+-------------+----------+
| max(fee) | min(fee) | count(*) | avg(fee)   | stddev(fee) | sum(fee) |
+----------+----------+----------+------------+-------------+----------+
|    50000 |     3300 |       12 | 19922.2222 |  17226.7091 |   179300 |
+----------+----------+----------+------------+-------------+----------+
1 row in set (0.037 sec)

MariaDB [collegeerp]> select ascii('z');
+------------+
| ascii('z') |
+------------+
|        122 |
+------------+
1 row in set (0.002 sec)

MariaDB [collegeerp]> select ascii('Z');
+------------+
| ascii('Z') |
+------------+
|         90 |
+------------+
1 row in set (0.000 sec)

MariaDB [collegeerp]> select ascii('0');
+------------+
| ascii('0') |
+------------+
|         48 |
+------------+
1 row in set (0.000 sec)

MariaDB [collegeerp]> select substr('ram',0);
+-----------------+
| substr('ram',0) |
+-----------------+
|                 |
+-----------------+
1 row in set (0.018 sec)

MariaDB [collegeerp]> select substr('ram',0,2);
+-------------------+
| substr('ram',0,2) |
+-------------------+
|                   |
+-------------------+
1 row in set (0.048 sec)

MariaDB [collegeerp]> select substr('ram',1);
+-----------------+
| substr('ram',1) |
+-----------------+
| ram             |
+-----------------+
1 row in set (0.003 sec)

MariaDB [collegeerp]> select substring('ram',1);
+--------------------+
| substring('ram',1) |
+--------------------+
| ram                |
+--------------------+
1 row in set (0.000 sec)

MariaDB [collegeerp]> select substring_index('ram',1);
ERROR 1582 (42000): Incorrect parameter count in the call to native function 'substring_index'
MariaDB [collegeerp]> select substring('ram',1);
+--------------------+
| substring('ram',1) |
+--------------------+
| ram                |
+--------------------+
1 row in set (0.000 sec)

MariaDB [collegeerp]> select substring('ram',0);
+--------------------+
| substring('ram',0) |
+--------------------+
|                    |
+--------------------+
1 row in set (0.000 sec)

MariaDB [collegeerp]> select substring('ram',-3);
+---------------------+
| substring('ram',-3) |
+---------------------+
| ram                 |
+---------------------+
1 row in set (0.050 sec)

MariaDB [collegeerp]> SELECT SUBSTRING('Quadratically',5);
+------------------------------+
| SUBSTRING('Quadratically',5) |
+------------------------------+
| ratically                    |
+------------------------------+
1 row in set (0.000 sec)

MariaDB [collegeerp]> SELECT SUBSTRING('ram',2);
+--------------------+
| SUBSTRING('ram',2) |
+--------------------+
| am                 |
+--------------------+
1 row in set (0.001 sec)

MariaDB [collegeerp]> SELECT substring('ram',2);
+--------------------+
| substring('ram',2) |
+--------------------+
| am                 |
+--------------------+
1 row in set (0.001 sec)

MariaDB [collegeerp]> SELECT substring('ram',1);
+--------------------+
| substring('ram',1) |
+--------------------+
| ram                |
+--------------------+
1 row in set (0.002 sec)

MariaDB [collegeerp]> SELECT substring('ram',3);
+--------------------+
| substring('ram',3) |
+--------------------+
| m                  |
+--------------------+
1 row in set (0.000 sec)

MariaDB [collegeerp]> SELECT substring('ram',1,2);
+----------------------+
| substring('ram',1,2) |
+----------------------+
| ra                   |
+----------------------+
1 row in set (0.004 sec)

MariaDB [collegeerp]> SELECT substring('ram',0,1);
+----------------------+
| substring('ram',0,1) |
+----------------------+
|                      |
+----------------------+
1 row in set (0.001 sec)

MariaDB [collegeerp]> SELECT substring('ram',0,2);
+----------------------+
| substring('ram',0,2) |
+----------------------+
|                      |
+----------------------+
1 row in set (0.000 sec)

MariaDB [collegeerp]> SELECT substring('ram',1,2);
+----------------------+
| substring('ram',1,2) |
+----------------------+
| ra                   |
+----------------------+
1 row in set (0.000 sec)

MariaDB [collegeerp]> SELECT substring('ram',1,1);
+----------------------+
| substring('ram',1,1) |
+----------------------+
| r                    |
+----------------------+
1 row in set (0.000 sec)

MariaDB [collegeerp]> select * fro stu;
ERROR 1064 (42000): You have an error in your SQL syntax; check the manual that corresponds to your MariaDB server version for the right syntax to use near 'fro stu' at line 1
MariaDB [collegeerp]> select * from stu;
+-----+--------+-------+---------+
| rno | name   | fee   | monitor |
+-----+--------+-------+---------+
|   1 | amar   | 12000 |    NULL |
|   2 | ishwar | 12000 |       1 |
|   3 | eshwar | 12000 |       1 |
|   8 | ramesh |  NULL |       1 |
|   9 | test   |  5000 |       1 |
|  10 | test   |  NULL |      14 |
|  11 | test   |  5000 |       1 |
|  12 | test   |  NULL |      14 |
|  13 | kavi   | 45000 |       1 |
|  14 | jay    | 50000 |    NULL |
|  15 | shashi | 35000 |       1 |
|  16 | kapil  |  3300 |      14 |
+-----+--------+-------+---------+
12 rows in set (0.004 sec)

MariaDB [collegeerp]> update stu set name='Amar' where rno=1;
Query OK, 1 row affected (0.133 sec)
Rows matched: 1  Changed: 1  Warnings: 0

MariaDB [collegeerp]> SELECT * from stu where ascii(substring('ram',1,1))>=65 and ascii(substring(name,1,1))<=90;
+-----+------+-------+---------+
| rno | name | fee   | monitor |
+-----+------+-------+---------+
|   1 | Amar | 12000 |    NULL |
+-----+------+-------+---------+
1 row in set (0.001 sec)

MariaDB [collegeerp]> SELECT * from stu where ascii(substring(name,1,1))>=65 and ascii(substring(name,1,1))<=90;
+-----+------+-------+---------+
| rno | name | fee   | monitor |
+-----+------+-------+---------+
|   1 | Amar | 12000 |    NULL |
+-----+------+-------+---------+
1 row in set (0.001 sec)

MariaDB [collegeerp]> update stu set name='KKKKKK' where rno=2;
Query OK, 1 row affected (0.070 sec)
Rows matched: 1  Changed: 1  Warnings: 0

MariaDB [collegeerp]> SELECT * from stu where ascii(substring(name,1,1))>=65 and ascii(substring(name,1,1))<=90;
+-----+--------+-------+---------+
| rno | name   | fee   | monitor |
+-----+--------+-------+---------+
|   1 | Amar   | 12000 |    NULL |
|   2 | KKKKKK | 12000 |       1 |
+-----+--------+-------+---------+
2 rows in set (0.001 sec)

MariaDB [collegeerp]> select name,reverse(name) from stu;
+--------+---------------+
| name   | reverse(name) |
+--------+---------------+
| Amar   | ramA          |
| KKKKKK | KKKKKK        |
| eshwar | rawhse        |
| ramesh | hsemar        |
| test   | tset          |
| test   | tset          |
| test   | tset          |
| test   | tset          |
| kavi   | ivak          |
| jay    | yaj           |
| shashi | ihsahs        |
| kapil  | lipak         |
+--------+---------------+
12 rows in set (0.066 sec)

MariaDB [collegeerp]> select * from stu where name=reverse(name);
+-----+--------+-------+---------+
| rno | name   | fee   | monitor |
+-----+--------+-------+---------+
|   2 | KKKKKK | 12000 |       1 |
+-----+--------+-------+---------+
1 row in set (0.042 sec)

MariaDB [collegeerp]> select replace('hello','h','o');
+--------------------------+
| replace('hello','h','o') |
+--------------------------+
| oello                    |
+--------------------------+
1 row in set (0.000 sec)

MariaDB [collegeerp]> select replace('helloh','h','o');
+---------------------------+
| replace('helloh','h','o') |
+---------------------------+
| oelloo                    |
+---------------------------+
1 row in set (0.001 sec)

MariaDB [collegeerp]> update stu set name=' KKKKKK' where rno=2;
Query OK, 1 row affected (0.077 sec)
Rows matched: 1  Changed: 1  Warnings: 0

MariaDB [collegeerp]> update stu set name='Amar ' where rno=1;
Query OK, 1 row affected (0.083 sec)
Rows matched: 1  Changed: 1  Warnings: 0

MariaDB [collegeerp]> select * from student where name='Amar';
ERROR 1054 (42S22): Unknown column 'name' in 'where clause'
MariaDB [collegeerp]> select * from stu where name='Amar';
+-----+-------+-------+---------+
| rno | name  | fee   | monitor |
+-----+-------+-------+---------+
|   1 | Amar  | 12000 |    NULL |
+-----+-------+-------+---------+
1 row in set (0.000 sec)

MariaDB [collegeerp]> select * from stu;
+-----+---------+-------+---------+
| rno | name    | fee   | monitor |
+-----+---------+-------+---------+
|   1 | Amar    | 12000 |    NULL |
|   2 |  KKKKKK | 12000 |       1 |
|   3 | eshwar  | 12000 |       1 |
|   8 | ramesh  |  NULL |       1 |
|   9 | test    |  5000 |       1 |
|  10 | test    |  NULL |      14 |
|  11 | test    |  5000 |       1 |
|  12 | test    |  NULL |      14 |
|  13 | kavi    | 45000 |       1 |
|  14 | jay     | 50000 |    NULL |
|  15 | shashi  | 35000 |       1 |
|  16 | kapil   |  3300 |      14 |
+-----+---------+-------+---------+
12 rows in set (0.001 sec)

MariaDB [collegeerp]> select * from stu where name='KKKKKK';
Empty set (0.004 sec)

MariaDB [collegeerp]> select * from stu where rtrim(name)='KKKKKK';
Empty set (0.007 sec)

MariaDB [collegeerp]> select * from stu where ltrim(name)='KKKKKK';
+-----+---------+-------+---------+
| rno | name    | fee   | monitor |
+-----+---------+-------+---------+
|   2 |  KKKKKK | 12000 |       1 |
+-----+---------+-------+---------+
1 row in set (0.000 sec)

MariaDB [collegeerp]> select * from stu where trim(name)='KKKKKK';
+-----+---------+-------+---------+
| rno | name    | fee   | monitor |
+-----+---------+-------+---------+
|   2 |  KKKKKK | 12000 |       1 |
+-----+---------+-------+---------+
1 row in set (0.024 sec)

MariaDB [collegeerp]> select * from stu where name='Amar';
+-----+-------+-------+---------+
| rno | name  | fee   | monitor |
+-----+-------+-------+---------+
|   1 | Amar  | 12000 |    NULL |
+-----+-------+-------+---------+
1 row in set (0.000 sec)

MariaDB [collegeerp]> select * from stu where name='Amar ';
+-----+-------+-------+---------+
| rno | name  | fee   | monitor |
+-----+-------+-------+---------+
|   1 | Amar  | 12000 |    NULL |
+-----+-------+-------+---------+
1 row in set (0.000 sec)

MariaDB [collegeerp]> select * from stu where name='Amar       ';
+-----+-------+-------+---------+
| rno | name  | fee   | monitor |
+-----+-------+-------+---------+
|   1 | Amar  | 12000 |    NULL |
+-----+-------+-------+---------+
1 row in set (0.000 sec)

MariaDB [collegeerp]> select space(name) from stu;
+-------------+
| space(name) |
+-------------+
|             |
|             |
|             |
|             |
|             |
|             |
|             |
|             |
|             |
|             |
|             |
|             |
+-------------+
12 rows in set, 12 warnings (0.050 sec)

MariaDB [collegeerp]> update stu set name='Ram kumar Raguwanshi' where rno=2;
Query OK, 1 row affected (0.100 sec)
Rows matched: 1  Changed: 1  Warnings: 0

MariaDB [collegeerp]> select space(name) from stu;
+-------------+
| space(name) |
+-------------+
|             |
|             |
|             |
|             |
|             |
|             |
|             |
|             |
|             |
|             |
|             |
|             |
+-------------+
12 rows in set, 12 warnings (0.002 sec)

MariaDB [collegeerp]> select name+space(6) from stu;
+---------------+
| name+space(6) |
+---------------+
|             0 |
|             0 |
|             0 |
|             0 |
|             0 |
|             0 |
|             0 |
|             0 |
|             0 |
|             0 |
|             0 |
|             0 |
+---------------+
12 rows in set, 24 warnings (0.032 sec)

MariaDB [collegeerp]> select len('he');
ERROR 1305 (42000): FUNCTION collegeerp.len does not exist
MariaDB [collegeerp]> select length('he');
+--------------+
| length('he') |
+--------------+
|            2 |
+--------------+
1 row in set (0.001 sec)

MariaDB [collegeerp]> select length(space('he',6));
ERROR 1582 (42000): Incorrect parameter count in the call to native function 'space'
MariaDB [collegeerp]> select length(space(6));
+------------------+
| length(space(6)) |
+------------------+
|                6 |
+------------------+
1 row in set (0.001 sec)

MariaDB [collegeerp]> select length(he || space(6));
ERROR 1054 (42S22): Unknown column 'he' in 'field list'
MariaDB [collegeerp]> select length(he + space(6));
ERROR 1054 (42S22): Unknown column 'he' in 'field list'
MariaDB [collegeerp]> select length(concat(he,space(6)));
ERROR 1054 (42S22): Unknown column 'he' in 'field list'
MariaDB [collegeerp]> select length(concat('he',space(6)));
+-------------------------------+
| length(concat('he',space(6))) |
+-------------------------------+
|                             8 |
+-------------------------------+
1 row in set (0.003 sec)

MariaDB [collegeerp]> select concat('he',space(6));
+-----------------------+
| concat('he',space(6)) |
+-----------------------+
| he                    |
+-----------------------+
1 row in set (0.000 sec)

MariaDB [collegeerp]> select concat(concat('he',space(6)),'world');
+---------------------------------------+
| concat(concat('he',space(6)),'world') |
+---------------------------------------+
| he      world                         |
+---------------------------------------+
1 row in set (0.000 sec)

MariaDB [collegeerp]> select repeat('om',1000);
+----------------------------------------------------------------------------------------------------------------------------------------------------------------------------------------------------------------------------------------------------------------------------------------------------------------------------------------------------------------------------------------------------------------------------------------------------------------------------------------------------------------------------------------------------------------------------------------------------------------------------------------------------------------------------------------------------------------------------------------------------------------------------------------------------------------------------------------------------------------------------------------------------------------------------------------------------------------------------------------------------------------------------------------------------------------------------------------------------------------------------------------------------------------------------------------------------------------------------------------------------------------------------------------------------------------------------------------------------------------------------------------------------------------------------------------------------------------------------------------------------------------------------------------------------------------------------------------------------------------------------------------------------------------------------------------------------------------------------------------------------------------------------------------------------------------------------------------------------------------------------------------------------------------------------------------------------------------------------------------------------------------------------------------------------------------------------------+
| repeat('om',1000)                                                                                                                                                                                                                                                                                                                                                                                                                                                                                                                                                                                                                                                                                                                                                                                                                                                                                                                                                                                                                                                |
+----------------------------------------------------------------------------------------------------------------------------------------------------------------------------------------------------------------------------------------------------------------------------------------------------------------------------------------------------------------------------------------------------------------------------------------------------------------------------------------------------------------------------------------------------------------------------------------------------------------------------------------------------------------------------------------------------------------------------------------------------------------------------------------------------------------------------------------------------------------------------------------------------------------------------------------------------------------------------------------------------------------------------------------------------------------------------------------------------------------------------------------------------------------------------------------------------------------------------------------------------------------------------------------------------------------------------------------------------------------------------------------------------------------------------------------------------------------------------------------------------------------------------------------------------------------------------------------------------------------------------------------------------------------------------------------------------------------------------------------------------------------------------------------------------------------------------------------------------------------------------------------------------------------------------------------------------------------------------------------------------------------------------------------------------------------------------------+
| omomomomomomomomomomomomomomomomomomomomomomomomomomomomomomomomomomomomomomomomomomomomomomomomomomomomomomomomomomomomomomomomomomomomomomomomomomomomomomomomomomomomomomomomomomomomomomomomomomomomomomomomomomomomomomomomomomomomomomomomomomomomomomomomomomomomomomomomomomomomomomomomomomomomomomomomomomomomomomomomomomomomomomomomomomomomomomomomomomomomomomomomomomomomomomomomomomomomomomomomomomomomomomomomomomomomomomomomomomomomomomomomomomomomomomomomomomomomomomomomomomomomomomomomomomomomomomomomomomomomomomomomomomomomomomomomomomomomomomomomomomomomomomomomomomomomomomomomomomomomomomomomomomomomomomomomomomomomomomomomomomomomomomomomomomomomomomomomomomomomomomomomomomomomomomomomomomomomomomomomomomomomomomomomomomomomomomomomomomomomomomomomomomomomomomomomomomomomomomomomomomomomomomomomomomomomomomomomomomomomomomomomomomomomomomomomomomomomomomomomomomomomomomomomomomomomomomomomomomomomomomomomomomomomomomomomomomomomomomomomomomomomomomomomomomomomomomomomomomomomomomomomomomomomomomomomomomomomomomomomomomomomomomomomomomomomomomomomomomomomomomomomomomomomomomomomomomomomomomomomomomomomomomomomomomomomomomomomomomomomomomomomomomomomomomomomomomomomomomomomomomomomomomomomomomomomomomomomomomomomomomomomomomomomomomomomomomomomomomomomomomomomomomomomomomomomomomomomomomomomomomomomomomomomomomomomomomomomomomomomomomomomomomomomomomomomomomomomomomomomomomomomomomomomomomomomomomomomomomomomomomomomomomomomomomomomomomomomomomomomomomomomomomomomomomomomomomomomomomomomomomomomomomomomomomomomomomomomomomomomomomomomomomomomomomomomomomomomomomomomomomomomomomomomomomomomomomomomomomomomomomomomomomomomomomomomomomomomomomomomomomomomomomomomomomomomomomomomomomomomomomomomomomomomomomomomomomomomomomomomomomomomomomomomomomomomomomomomomomomomomomomomomomomomomomomomomomomomomomomomomomomomomomomomomomomomomomomomomomomomomomomomomomomomomomomomomomomomomomomomomomomomomomomomomomomomomomomomomomomomomomomomomomomomomomomomomomomomomomomom |
+----------------------------------------------------------------------------------------------------------------------------------------------------------------------------------------------------------------------------------------------------------------------------------------------------------------------------------------------------------------------------------------------------------------------------------------------------------------------------------------------------------------------------------------------------------------------------------------------------------------------------------------------------------------------------------------------------------------------------------------------------------------------------------------------------------------------------------------------------------------------------------------------------------------------------------------------------------------------------------------------------------------------------------------------------------------------------------------------------------------------------------------------------------------------------------------------------------------------------------------------------------------------------------------------------------------------------------------------------------------------------------------------------------------------------------------------------------------------------------------------------------------------------------------------------------------------------------------------------------------------------------------------------------------------------------------------------------------------------------------------------------------------------------------------------------------------------------------------------------------------------------------------------------------------------------------------------------------------------------------------------------------------------------------------------------------------------------+
1 row in set (0.001 sec)

MariaDB [collegeerp]> select repeat('om',10000);
+----------------------------------------------------------------------------------------------------------------------------------------------------------------------------------------------------------------------------------------------------------------------------------------------------------------------------------------------------------------------------------------------------------------------------------------------------------------------------------------------------------------------------------------------------------------------------------------------------------------------------------------------------------------------------------------------------------------------------------------------------------------------------------------------------------------------------------------------------------------------------------------------------------------------------------------------------------------------------------------------------------------------------------------------------------------------------------------------------------------------------------------------------------------------------------------------------------------------------------------------------------------------------------------------------------------------------------------------------------------------------------------------------------------------------------------------------------------------------------------------------------------------------------------------------------------------------------------------------------------------------------------------------------------------------------------------------------------------------------------------------------------------------------------------------------------------------------------------------------------------------------------------------------------------------------------------------------------------------------------------------------------------------------------------------------------------------------------------------------------------------------------------------------------------------------------------------------------------------------------------------------------------------------------------------------------------------------------------------------------------------------------------------------------------------------------------------------------------------------------------------------------------------------------------------------------------------------------------------------------------------------------------------------------------------------------------------------------------------------------------------------------------------------------------------------------------------------------------------------------------------------------------------------------------------------------------------------------------------------------------------------------------------------------------------------------------------------------------------------------------------------------------------------------------------------------------------------------------------------------------------------------------------------------------------------------------------------------------------------------------------------------------------------------------------------------------------------------------------------------------------------------------------------------------------------------------------------------------------------------------------------------------------------------------------------------------------------------------------------------------------------------------------------------------------------------------------------------------------------------------------------------------------------------------------------------------------------------------------------------------------------------------------------------------------------------------------------------------------------------------------------------------------------------------------------------------------------------------------------------------------------------------------------------------------------------------------------------------------------------------------------------------------------------------------------------------------------------------------------------------------------------------------------------------------------------------------------------------------------------------------------------------------------------------------------------------------------------------------------------------------------------------------------------------------------------------------------------------------------------------------------------------------------------------------------------------------------------------------------------------------------------------------------------------------------------------------------------------------------------------------------------------------------------------------------------------------------------------------------------------------------------------------------------------------------------------------------------------------------------------------------------------------------------------------------------------------------------------------------------------------------------------------------------------------------------------------------------------------------------------------------------------------------------------------------------------------------------------------------------------------------------------------------------------------------------------------------------------------------------------------------------------------------------------------------------------------------------------------------------------------------------------------------------------------------------------------------------------------------------------------------------------------------------------------------------------------------------------------------------------------------------------------------------------------------------------------------------------------------------------------------------------------------------------------------------------------------------------------------------------------------------------------------------------------------------------------------------------------------------------------------------------------------------------------------------------------------------------------------------------------------------------------------------------------------------------------------------------------------------------------------------------------------------------------------------------------------------------------------------------------------------------------------------------------------------------------------------------------------------------------------------------------------------------------------------------------------------------------------------------------------------------------------------------------------------------------------------------------------------------------------------------------------------------------------------------------------------------------------------------------------------------------------------------------------------------------------------------------------------------------------------------------------------------------------------------------------------------------------------------------------------------------------------------------------------------------------------------------------------------------------------------------------------------------------------------------------------------------------------------------------------------------------------------------------------------------------------------------------------------------------------------------------------------------------------------------------------------------------------------------------------------------------------------------------------------------------------------------------------------------------------------------------------------------------------------------------------------------------------------------------------------------------------------------------------------------------------------------------------------------------------------------------------------------------------------------------------------------------------------------------------------------------------------------------------------------------------------------------------------------------------------------------------------------------------------------------------------------------------------------------------------------------------------------------------------------------------------------------------------------------------------------------------------------------------------------------------------------------------------------------------------------------------------------------------------------------------------------------------------------------------------------------------------------------------------------------------------------------------------------------------------------------------------------------------------------------------------------------------------------------------------------------------------------------------------------------------------------------------------------------------------------------------------------------------------------------------------------------------------------------------------------------------------------------------------------------------------------------------------------------------------------------------------------------------------------------------------------------------------------------------------------------------------------------------------------------------------------------------------------------------------------------------------------------------------------------------------------------------------------------------------------------------------------------------------------------------------------------------------------------------------------------------------------------------------------------------------------------------------------------------------------------------------------------------------------------------------------------------------------------------------------------------------------------------------------------------------------------------------------------------------------------------------------------------------------------------------------------------------------------------------------------------------------------------------------------------------------------------------------------------------------------------------------------------------------------------------------------------------------------------------------------------------------------------------------------------------------------------------------------------------------------------------------------------------------------------------------------------------------------------------------------------------------------------------------------------------------------------------------------------------------------------------------------------------------------------------------------------------------------------------------------------------------------------------------------------------------------------------------------------------------------------------------------------------------------------------------------------------------------------------------------------------------------------------------------------------------------------------------------------------------------------------------------------------------------------------------------------------------------------------------------------------------------------------------------------------------------------------------------------------------------------------------------------------------------------------------------------------------------------------------------------------------------------------------------------------------------------------------------------------------------------------------------------------------------------------------------------------------------------------------------------------------------------------------------------------------------------------------------------------------------------------------------------------------------------------------------------------------------------------------------------------------------------------------------------------------------------------------------------------------------------------------------------------------------------------------------------------------------------------------------------------------------------------------------------------------------------------------------------------------------------------------------------------------------------------------------------------------------------------------------------------------------------------------------------------------------------------------------------------------------------------------------------------------------------------------------------------------------------------------------------------------------------------------------------------------------------------------------------------------------------------------------------------------------------------------------------------------------------------------------------------------------------------------------------------------------------------------------------------------------------------------------------------------------------------------------------------------------------------------------------------------------------------------------------------------------------------------------------------------------------------------------------------------------------------------------------------------------------------------------------------------------------------------------------------------------------------------------------------------------------------------------------------------------------------------------------------------------------------------------------------------------------------------------------------------------------------------------------------------------------------------------------------------------------------------------------------------------------------------------------------------------------------------------------------------------------------------------------------------------------------------------------------------------------------------------------------------------------------------------------------------------------------------------------------------------------------------------------------------------------------------------------------------------------------------------------------------------------------------------------------------------------------------------------------------------------------------------------------------------------------------------------------------------------------------------------------------------------------------------------------------------------------------------------------------------------------------------------------------------------------------------------------------------------------------------------------------------------------------------------------------------------------------------------------------------------------------------------------------------------------------------------------------------------------------------------------------------------------------------------------------------------------------------------------------------------------------------------------------------------------------------------------------------------------------------------------------------------------------------------------------------------------------------------------------------------------------------------------------------------------------------------------------------------------------------------------------------------------------------------------------------------------------------------------------------------------------------------------------------------------------------------------------------------------------------------------------------------------------------------------------------------------------------------------------------------------------------------------------------------------------------------------------------------------------------------------------------------------------------------------------------------------------------------------------------------------------------------------------------------------------------------------------------------------------------------------------------------------------------------------------------------------------------------------------------------------------------------------------------------------------------------------------------------------------------------------------------------------------------------------------------------------------------------------------------------------------------------------------------------------------------------------------------------------------------------------------------------------------------------------------------------------------------------------------------------------------------------------------------------------------------------------------------------------------------------------------------------------------------------------------------------------------------------------------------------------------------------------------------------------------------------------------------------------------------------------------------------------------------------------------------------------------------------------------------------------------------------------------------------------------------------------------------------------------------------------------------------------------------------------------------------------------------------------------------------------------------------------------------------------------------------------------------------------------------------------------------------------------------------------------------------------------------------------------------------------------------------------------------------------------------------------------------------------------------------------------------------------------------------------------------------------------------------------------------------------------------------------------------------------------------------------------------------------------------------------------------------------------------------------------------------------------------------------------------------------------------------------------------------------------------------------------------------------------------------------------------------------------------------------------------------------------------------------------------------------------------------------------------------------------------------------------------------------------------------------------------------------------------------------------------------------------------------------------------------------------------------------------------------------------------------------------------------------------------------------------------------------------------------------------------------------------------------------------------------------------------------------------------------------------------------------------------------------------------------------------------------------------------------------------------------------------------------------------------------------------------------------------------------------------------------------------------------------------------------------------------------------------------------------------------------------------------+
| repeat('om',10000)                                                                                                                                                                                                                                                                                                                                                                                                                                                                                                                                                                                                                                                                                                                                                                                                                                                                                                                                                                                                                                               |
+----------------------------------------------------------------------------------------------------------------------------------------------------------------------------------------------------------------------------------------------------------------------------------------------------------------------------------------------------------------------------------------------------------------------------------------------------------------------------------------------------------------------------------------------------------------------------------------------------------------------------------------------------------------------------------------------------------------------------------------------------------------------------------------------------------------------------------------------------------------------------------------------------------------------------------------------------------------------------------------------------------------------------------------------------------------------------------------------------------------------------------------------------------------------------------------------------------------------------------------------------------------------------------------------------------------------------------------------------------------------------------------------------------------------------------------------------------------------------------------------------------------------------------------------------------------------------------------------------------------------------------------------------------------------------------------------------------------------------------------------------------------------------------------------------------------------------------------------------------------------------------------------------------------------------------------------------------------------------------------------------------------------------------------------------------------------------------------------------------------------------------------------------------------------------------------------------------------------------------------------------------------------------------------------------------------------------------------------------------------------------------------------------------------------------------------------------------------------------------------------------------------------------------------------------------------------------------------------------------------------------------------------------------------------------------------------------------------------------------------------------------------------------------------------------------------------------------------------------------------------------------------------------------------------------------------------------------------------------------------------------------------------------------------------------------------------------------------------------------------------------------------------------------------------------------------------------------------------------------------------------------------------------------------------------------------------------------------------------------------------------------------------------------------------------------------------------------------------------------------------------------------------------------------------------------------------------------------------------------------------------------------------------------------------------------------------------------------------------------------------------------------------------------------------------------------------------------------------------------------------------------------------------------------------------------------------------------------------------------------------------------------------------------------------------------------------------------------------------------------------------------------------------------------------------------------------------------------------------------------------------------------------------------------------------------------------------------------------------------------------------------------------------------------------------------------------------------------------------------------------------------------------------------------------------------------------------------------------------------------------------------------------------------------------------------------------------------------------------------------------------------------------------------------------------------------------------------------------------------------------------------------------------------------------------------------------------------------------------------------------------------------------------------------------------------------------------------------------------------------------------------------------------------------------------------------------------------------------------------------------------------------------------------------------------------------------------------------------------------------------------------------------------------------------------------------------------------------------------------------------------------------------------------------------------------------------------------------------------------------------------------------------------------------------------------------------------------------------------------------------------------------------------------------------------------------------------------------------------------------------------------------------------------------------------------------------------------------------------------------------------------------------------------------------------------------------------------------------------------------------------------------------------------------------------------------------------------------------------------------------------------------------------------------------------------------------------------------------------------------------------------------------------------------------------------------------------------------------------------------------------------------------------------------------------------------------------------------------------------------------------------------------------------------------------------------------------------------------------------------------------------------------------------------------------------------------------------------------------------------------------------------------------------------------------------------------------------------------------------------------------------------------------------------------------------------------------------------------------------------------------------------------------------------------------------------------------------------------------------------------------------------------------------------------------------------------------------------------------------------------------------------------------------------------------------------------------------------------------------------------------------------------------------------------------------------------------------------------------------------------------------------------------------------------------------------------------------------------------------------------------------------------------------------------------------------------------------------------------------------------------------------------------------------------------------------------------------------------------------------------------------------------------------------------------------------------------------------------------------------------------------------------------------------------------------------------------------------------------------------------------------------------------------------------------------------------------------------------------------------------------------------------------------------------------------------------------------------------------------------------------------------------------------------------------------------------------------------------------------------------------------------------------------------------------------------------------------------------------------------------------------------------------------------------------------------------------------------------------------------------------------------------------------------------------------------------------------------------------------------------------------------------------------------------------------------------------------------------------------------------------------------------------------------------------------------------------------------------------------------------------------------------------------------------------------------------------------------------------------------------------------------------------------------------------------------------------------------------------------------------------------------------------------------------------------------------------------------------------------------------------------------------------------------------------------------------------------------------------------------------------------------------------------------------------------------------------------------------------------------------------------------------------------------------------------------------------------------------------------------------------------------------------------------------------------------------------------------------------------------------------------------------------------------------------------------------------------------------------------------------------------------------------------------------------------------------------------------------------------------------------------------------------------------------------------------------------------------------------------------------------------------------------------------------------------------------------------------------------------------------------------------------------------------------------------------------------------------------------------------------------------------------------------------------------------------------------------------------------------------------------------------------------------------------------------------------------------------------------------------------------------------------------------------------------------------------------------------------------------------------------------------------------------------------------------------------------------------------------------------------------------------------------------------------------------------------------------------------------------------------------------------------------------------------------------------------------------------------------------------------------------------------------------------------------------------------------------------------------------------------------------------------------------------------------------------------------------------------------------------------------------------------------------------------------------------------------------------------------------------------------------------------------------------------------------------------------------------------------------------------------------------------------------------------------------------------------------------------------------------------------------------------------------------------------------------------------------------------------------------------------------------------------------------------------------------------------------------------------------------------------------------------------------------------------------------------------------------------------------------------------------------------------------------------------------------------------------------------------------------------------------------------------------------------------------------------------------------------------------------------------------------------------------------------------------------------------------------------------------------------------------------------------------------------------------------------------------------------------------------------------------------------------------------------------------------------------------------------------------------------------------------------------------------------------------------------------------------------------------------------------------------------------------------------------------------------------------------------------------------------------------------------------------------------------------------------------------------------------------------------------------------------------------------------------------------------------------------------------------------------------------------------------------------------------------------------------------------------------------------------------------------------------------------------------------------------------------------------------------------------------------------------------------------------------------------------------------------------------------------------------------------------------------------------------------------------------------------------------------------------------------------------------------------------------------------------------------------------------------------------------------------------------------------------------------------------------------------------------------------------------------------------------------------------------------------------------------------------------------------------------------------------------------------------------------------------------------------------------------------------------------------------------------------------------------------------------------------------------------------------------------------------------------------------------------------------------------------------------------------------------------------------------------------------------------------------------------------------------------------------------------------------------------------------------------------------------------------------------------------------------------------------------------------------------------------------------------------------------------------------------------------------------------------------------------------------------------------------------------------------------------------------------------------------------------------------------------------------------------------------------------------------------------------------------------------------------------------------------------------------------------------------------------------------------------------------------------------------------------------------------------------------------------------------------------------------------------------------------------------------------------------------------------------------------------------------------------------------------------------------------------------------------------------------------------------------------------------------------------------------------------------------------------------------------------------------------------------------------------------------------------------------------------------------------------------------------------------------------------------------------------------------------------------------------------------------------------------------------------------------------------------------------------------------------------------------------------------------------------------------------------------------------------------------------------------------------------------------------------------------------------------------------------------------------------------------------------------------------------------------------------------------------------------------------------------------------------------------------------------------------------------------------------------------------------------------------------------------------------------------------------------------------------------------------------------------------------------------------------------------------------------------------------------------------------------------------------------------------------------------------------------------------------------------------------------------------------------------------------------------------------------------------------------------------------------------------------------------------------------------------------------------------------------------------------------------------------------------------------------------------------------------------------------------------------------------------------------------------------------------------------------------------------------------------------------------------------------------------------------------------------------------------------------------------------------------------------------------------------------------------------------------------------------------------------------------------------------------------------------------------------------------------------------------------------------------------------------------------------------------------------------------------------------------------------------------------------------------------------------------------------------------------------------------------------------------------------------------------------------------------------------------------------------------------------------------------------------------------------------------------------------------------------------------------------------------------------------------------------------------------------------------------------------------------------------------------------------------------------------------------------------------------------------------------------------------------------------------------------------------------------------------------------------------------------------------------------------------------------------------------------------------------------------------------------------------------------------------------------------------------------------------------------------------------------------------------------------------------------------------------------------------------------------------------------------------------------------------------------------------------------------------------------------------------------------------------------------------------------------------------------------------------------------------------------------------------------------------------------------------------------------------------------------------------------------------------------------------------------------------------------------------------------------------------------------------------------------------------------------------------------------------------------------------------------------------------------------------------------------------------------------------------------------------------------------------------------------------------------------------------------------------------------------------------------------------------------------------------------------------------------------------------------------------------------------------------------------------------------------------------------------------------------------------------------------------------------------------------------------------------------------------------------------------------------------------------------+
| omomomomomomomomomomomomomomomomomomomomomomomomomomomomomomomomomomomomomomomomomomomomomomomomomomomomomomomomomomomomomomomomomomomomomomomomomomomomomomomomomomomomomomomomomomomomomomomomomomomomomomomomomomomomomomomomomomomomomomomomomomomomomomomomomomomomomomomomomomomomomomomomomomomomomomomomomomomomomomomomomomomomomomomomomomomomomomomomomomomomomomomomomomomomomomomomomomomomomomomomomomomomomomomomomomomomomomomomomomomomomomomomomomomomomomomomomomomomomomomomomomomomomomomomomomomomomomomomomomomomomomomomomomomomomomomomomomomomomomomomomomomomomomomomomomomomomomomomomomomomomomomomomomomomomomomomomomomomomomomomomomomomomomomomomomomomomomomomomomomomomomomomomomomomomomomomomomomomomomomomomomomomomomomomomomomomomomomomomomomomomomomomomomomomomomomomomomomomomomomomomomomomomomomomomomomomomomomomomomomomomomomomomomomomomomomomomomomomomomomomomomomomomomomomomomomomomomomomomomomomomomomomomomomomomomomomomomomomomomomomomomomomomomomomomomomomomomomomomomomomomomomomomomomomomomomomomomomomomomomomomomomomomomomomomomomomomomomomomomomomomomomomomomomomomomomomomomomomomomomomomomomomomomomomomomomomomomomomomomomomomomomomomomomomomomomomomomomomomomomomomomomomomomomomomomomomomomomomomomomomomomomomomomomomomomomomomomomomomomomomomomomomomomomomomomomomomomomomomomomomomomomomomomomomomomomomomomomomomomomomomomomomomomomomomomomomomomomomomomomomomomomomomomomomomomomomomomomomomomomomomomomomomomomomomomomomomomomomomomomomomomomomomomomomomomomomomomomomomomomomomomomomomomomomomomomomomomomomomomomomomomomomomomomomomomomomomomomomomomomomomomomomomomomomomomomomomomomomomomomomomomomomomomomomomomomomomomomomomomomomomomomomomomomomomomomomomomomomomomomomomomomomomomomomomomomomomomomomomomomomomomomomomomomomomomomomomomomomomomomomomomomomomomomomomomomomomomomomomomomomomomomomomomomomomomomomomomomomomomomomomomomomomomomomomomomomomomomomomomomomomomomomomomomomomomomomomomomomomomomomomomomomomomomomomomomomomomomomomomomomomomomomomomomomomomomomomomomomomomomomomomomomomomomomomomomomomomomomomomomomomomomomomomomomomomomomomomomomomomomomomomomomomomomomomomomomomomomomomomomomomomomomomomomomomomomomomomomomomomomomomomomomomomomomomomomomomomomomomomomomomomomomomomomomomomomomomomomomomomomomomomomomomomomomomomomomomomomomomomomomomomomomomomomomomomomomomomomomomomomomomomomomomomomomomomomomomomomomomomomomomomomomomomomomomomomomomomomomomomomomomomomomomomomomomomomomomomomomomomomomomomomomomomomomomomomomomomomomomomomomomomomomomomomomomomomomomomomomomomomomomomomomomomomomomomomomomomomomomomomomomomomomomomomomomomomomomomomomomomomomomomomomomomomomomomomomomomomomomomomomomomomomomomomomomomomomomomomomomomomomomomomomomomomomomomomomomomomomomomomomomomomomomomomomomomomomomomomomomomomomomomomomomomomomomomomomomomomomomomomomomomomomomomomomomomomomomomomomomomomomomomomomomomomomomomomomomomomomomomomomomomomomomomomomomomomomomomomomomomomomomomomomomomomomomomomomomomomomomomomomomomomomomomomomomomomomomomomomomomomomomomomomomomomomomomomomomomomomomomomomomomomomomomomomomomomomomomomomomomomomomomomomomomomomomomomomomomomomomomomomomomomomomomomomomomomomomomomomomomomomomomomomomomomomomomomomomomomomomomomomomomomomomomomomomomomomomomomomomomomomomomomomomomomomomomomomomomomomomomomomomomomomomomomomomomomomomomomomomomomomomomomomomomomomomomomomomomomomomomomomomomomomomomomomomomomomomomomomomomomomomomomomomomomomomomomomomomomomomomomomomomomomomomomomomomomomomomomomomomomomomomomomomomomomomomomomomomomomomomomomomomomomomomomomomomomomomomomomomomomomomomomomomomomomomomomomomomomomomomomomomomomomomomomomomomomomomomomomomomomomomomomomomomomomomomomomomomomomomomomomomomomomomomomomomomomomomomomomomomomomomomomomomomomomomomomomomomomomomomomomomomomomomomomomomomomomomomomomomomomomomomomomomomomomomomomomomomomomomomomomomomomomomomomomomomomomomomomomomomomomomomomomomomomomomomomomomomomomomomomomomomomomomomomomomomomomomomomomomomomomomomomomomomomomomomomomomomomomomomomomomomomomomomomomomomomomomomomomomomomomomomomomomomomomomomomomomomomomomomomomomomomomomomomomomomomomomomomomomomomomomomomomomomomomomomomomomomomomomomomomomomomomomomomomomomomomomomomomomomomomomomomomomomomomomomomomomomomomomomomomomomomomomomomomomomomomomomomomomomomomomomomomomomomomomomomomomomomomomomomomomomomomomomomomomomomomomomomomomomomomomomomomomomomomomomomomomomomomomomomomomomomomomomomomomomomomomomomomomomomomomomomomomomomomomomomomomomomomomomomomomomomomomomomomomomomomomomomomomomomomomomomomomomomomomomomomomomomomomomomomomomomomomomomomomomomomomomomomomomomomomomomomomomomomomomomomomomomomomomomomomomomomomomomomomomomomomomomomomomomomomomomomomomomomomomomomomomomomomomomomomomomomomomomomomomomomomomomomomomomomomomomomomomomomomomomomomomomomomomomomomomomomomomomomomomomomomomomomomomomomomomomomomomomomomomomomomomomomomomomomomomomomomomomomomomomomomomomomomomomomomomomomomomomomomomomomomomomomomomomomomomomomomomomomomomomomomomomomomomomomomomomomomomomomomomomomomomomomomomomomomomomomomomomomomomomomomomomomomomomomomomomomomomomomomomomomomomomomomomomomomomomomomomomomomomomomomomomomomomomomomomomomomomomomomomomomomomomomomomomomomomomomomomomomomomomomomomomomomomomomomomomomomomomomomomomomomomomomomomomomomomomomomomomomomomomomomomomomomomomomomomomomomomomomomomomomomomomomomomomomomomomomomomomomomomomomomomomomomomomomomomomomomomomomomomomomomomomomomomomomomomomomomomomomomomomomomomomomomomomomomomomomomomomomomomomomomomomomomomomomomomomomomomomomomomomomomomomomomomomomomomomomomomomomomomomomomomomomomomomomomomomomomomomomomomomomomomomomomomomomomomomomomomomomomomomomomomomomomomomomomomomomomomomomomomomomomomomomomomomomomomomomomomomomomomomomomomomomomomomomomomomomomomomomomomomomomomomomomomomomomomomomomomomomomomomomomomomomomomomomomomomomomomomomomomomomomomomomomomomomomomomomomomomomomomomomomomomomomomomomomomomomomomomomomomomomomomomomomomomomomomomomomomomomomomomomomomomomomomomomomomomomomomomomomomomomomomomomomomomomomomomomomomomomomomomomomomomomomomomomomomomomomomomomomomomomomomomomomomomomomomomomomomomomomomomomomomomomomomomomomomomomomomomomomomomomomomomomomomomomomomomomomomomomomomomomomomomomomomomomomomomomomomomomomomomomomomomomomomomomomomomomomomomomomomomomomomomomomomomomomomomomomomomomomomomomomomomomomomomomomomomomomomomomomomomomomomomomomomomomomomomomomomomomomomomomomomomomomomomomomomomomomomomomomomomomomomomomomomomomomomomomomomomomomomomomomomomomomomomomomomomomomomomomomomomomomomomomomomomomomomomomomomomomomomomomomomomomomomomomomomomomomomomomomomomomomomomomomomomomomomomomomomomomomomomomomomomomomomomomomomomomomomomomomomomomomomomomomomomomomomomomomomomomomomomomomomomomomomomomomomomomomomomomomomomomomomomomomomomomomomomomomomomomomomomomomomomomomomomomomomomomomomomomomomomomomomomomomomomomomomomomomomomomomomomomomomomomomomomomomomomomomomomomomomomomomomomomomomomomomomomomomomomomomomomomomomomomomomomomomomomomomomomomomomomomomomomomomomomomomomomomomomomomomomomomomomomomomomomomomomomomomomomomomomomomomomomomomomomomomomomomomomomomomomomomomomomomomomomomomomomomomomomomomomomomomomomomomomomomomomomomomomomomomomomomomomomomomomomomomomomomomomomomomomomomomomomomomomomomomomomomomomomomomomomomomomomomomomomomomomomomomomomomomomomomomomomomomomomomomomomomomomomomomomomomomomomomomomomomomomomomomomomomomomomomomomomomomomomomomomomomomomomomomomomomomomomomomomomomomomomomomomomomomomomomomomomomomomomomomomomomomomomomomomomomomomomomomomomomomomomomomomomomomomomomomomomomomomomomomomomomomomomomomomomomomomomomomomomomomomomomomomomomomomomomomomomomomomomomomomomomomomomomomomomomomomomomomomomomomomomomomomomomomomomomomomomomomomomomomomomomomomomomomomomomomomomomomomomomomomomomomomomomomomomomomomomomomomomomomomomomomomomomomomomomomomomomomomomomomomomomomomomomomomomomomomomomomomomomomomomomomomomomomomomomomomomomomomomomomomomomomomomomomomomomomomomomomomomomomomomomomomomomomomomomomomomomomomomomomomomomomomomomomomomomomomomomomomomomomomomomomomomomomomomomomomomomomomomomomomomomomomomomomomomomomomomomomomomomomomomomomomomomomomomomomomomomomomomomomomomomomomomomomomomomomomomomomomomomomomomomomomomomomomomomomomomomomomomomomomomomomomomomomomomomomomomomomomomomomomomomomomomomomomomomomomomomomomomomomomomomomomomomomomomomomomomomomomomomomomomomomomomomomomomomomomomomomomomomomomomomomomomomomomomomomomomomomomomomomomomomomomomomomomomomomomomomomomomomomomomomomomomomomomomomomomomomomomomomomomomomomomomomomomomomomomomomomomomomomomomomomomomomomomomomomomomomomomomomomomomomomomomomomomomomomomomomomomomomomomomomomomomomomomomomomomomomomomomomomomomomomomomomomomomomomomomomomomomomomomomomomomomomomomomomomomomomomomomomomomomomomomomomomomomomomomomomomomomomomomomomomomomomomomomomomomomomomomomomomomomomomomomomomomomomomomomomomomomomomomomomomomomomomomomomomomomomomomomomomomomomomomomomomomomomomomomomomomomomomomomomomomomomomomomomomomomomomomomomomomomomomomomomomomomomomomomomomomomomomomomomomomomomomomomomomomomomomomomomomomomomomomomomomomomomomomomomomomomomomomomomomomomomomomomomomomomomomomomomomomomomomomomomomomomomomomomomomomomomomomomomomomomomomomomomomomomomomomomomomomomomomomomomomomomomomomomomomomomomomomomomomomomomomomomomomomomomomomomomomomomomomomomomomomomomomomomomomomomomomomomomomomomomomomomomomomomomomomomomomomomomomomomomomomomomomomomomomomomomomomomomomomomomomomomomomomomomomomomomomomomomomomomomomomomomomomomomomomomomomomomomomomomomomomomomomomomomomomomomomomomomomomomomomomomomomomomomomomomomomomomomomomomomomomomomomomomomomomomomomomomomomomomomomomomomomomomomomomomomomomomomomomomomomomomomomomomomomomomomomomomomomomomomomomomomomomomomomomomomomomomomomomomomomomomomomomomomomomomomomomomomomomomomomomomomomomomomomomomomomomomomomomomomomomomomomomomomomomomomomomomomomomomomomomomomomomomomomomomomomomomomomomomomomomomomomomomomomomomomomomomomomomomomomomomomomomomomomomomomomomomomomomomomomomomomomomomomomomomomomomomomomomomomomomomomomomomomomomomomomomomomomomomomomomomomomomomomomomomomomomomomomomomomomomomomomomomomomomomomomomomomomomomomomomomomomomomomomomomomomomomomomomomomomomomomomomomomomomomomomomomomomomomomomomomomomomomomomomomomomomomomomomomomomomomomomomomomomomomomomomomomomomomomomomomomomomomomomomomomomomomomomomomomomomomomomomomomomomomomomomomomomomomomomomomomomomomomomomomomomomomomomomomomomomomomomomomomomomomomomomomomomomomomomomomomomomomomomomomomomomomomomomomomomomomomomomomomomomomomomomomomomomomomomomomomomomomomomomomomomomomomomomomomomomomomomomomomomomomomomomomomomomomomomomomomomomomomomomomomomomomomomomomomomomomomomomomomomomomomomomomomomomomomomomomomomomomomomomomomomomomomomomomomomomomomomomomomomomomomomomomomomomomomomomomomomomomomomomomomomomomomomomomomomomomomomomomomomomomomomomomomomomomomomomomomomomomomomomomomomomomomomomomomomomomomomomomomomomomomomomomomomomomomomomomomomomomomomomomomomomomomomomomomomomomomomomomomomomomomomomomomomomomomomomomomomomomomomomomomomomomomomomomomomomomomomomomomomomomomomomomomomomomomomomomomomomomomomomomomomomomomomomomomomomomomomomomomomomomomomomomomomomomomomomomomomomomomomomomomomomomomomomomomomomomomomomomomomomomomomomomomomomomomomomomomomomomomomomomomomomomomomomomomomomomomomomomomomomomomomomomomomomomomomomomomomomomomomomomomomomomomomomomomomomomomomomomomomomomomomomomomomomomomomomomomomomomomomomomomomomomomomomomomomomomomomomomomomomomomomomomomomomomomomomomomomomomomomomomomomomomomomomomomomomomomomomomomomomomomomomomomomomomomomomomomomomomomomomomomomomomomomomomomomomomomomomomomomomomomomomomomomomomomomomomomomomomomomomomomomomomomomomomomomomomomomomomomomomomomomomomomomomomomomomomomomomomomomomomomomomomomomomomomomomomomomomomomomomomomomomomomomomomomomomomomomomomomomomomomomomomomomomomomomomomomomomomomomomomomomomomomomomomomomomomomomomomomomomomomomomomomomomomomomomomomomomomomomomomomomomomomomomomomomomomomomomomomomomomomomomomomomomomomomomomomomomomomomomomomomomomomomomomomomomomomomomomomomomomomomomomomomomomomomomomomomomomomomomomomomomomomomomomomomomomomomomomomomomomomomomomomomomomomomomomomomomomomomomomomomomomomomomomomomomomomomomomomomomomomomomomomomomomomomomomomomomomomomomomomomomomomomomomomomomomomomomomomomomomomomomomomomomomomomomomomomomomomomomomomomomomomomomomomomomomomomomomomomomomomomomomomomomomomomomomomomomomomomomomomomomomomomomomomomomomomomomomomomomomomomomomomomomomomomomomomomomomomomomomomomomomomomomomomomomomomomomomomomomomomomomomomomomomomomomomomomomomomomomomomomomomomomomomomomomomomomomomomomomomomomomomomomomomomomomomomomomomomomomomomomomomomomomomomomomomomomomomomomomomomomomomomomomomomomomomomomomomomomomomomomomomomomomomomomomomomomomomomomomomomomomomomomomomomomomomomomomomomomomomomomomomomomomomomomomomomomomomomomomomomomomomomomomomomomomomomomomomomomomomomomomomomomomomomomomomomomomomomomomomomomomomomomomomomomomomomomomomomomomomomomomomomomomomomomomomomomomomomomomomomomomomomomomomomomomomomomomomomomomomomomomomomomomomomomomomomomomomomomomomomomomomomomomomomomomomomomomomomomomomomomomomomomomomomomomomomomomomomomomomomomomomomomomomomomomomomomomomomomomomomomomomomomomomomomomomomomomomomomomomomomomomomomomomomomomomomomomomomomomomomomomomomomomomomomomomomomomomomomomomomomomomomomomomomomomomomomomomomomomomomomomomomomomomomomomomomomomomomomomomomomomomomomomomomomomomomomomomomomomomomomomomomomomomomomomomomomomomomomomomomomomomomomomomomomomomomomomomomomomomomomomomomomomomomomomomomomomomomomomomomomomomomomomomomomomomomomomomomomomomomomomomomomomomomomomomomomomomomomomomomomomomomomomomomomomomomomomomomomomomomomomomomomomomomomomomomomomomomomomomomomomomomomomomomomomomomomomomomomomomomomomomomomomomomomomomomomomomomomomomomomomomomomomomomomomomomomomomomomomomomomomomomomomomomomomomomomomomomomomomomomomomomomomomomomomomomomomomomomomomomomomomomomomomomomomomomomomomomomomomomomomomomomomomomomomomomomomomomomomomomomomomomomomomomomomomomomomomomomomomomomomomomomomomomomomomomomomomomomomomomomomomomomomomomomomomomomomomomomomomomomomomomomomomomomomomomomomomomomomomomomomomomomomomomomomomomomomomomomomomomomomomomomomomomomomomomomomomomomomomomomomomomomomomomomomomomomomomomomomomomomomomomomomomomomomomomomomomomomomomomomomomomomomomomomomomomomomomomomomomomomomomomomomomomomomomomomomomomomomomomomomomomomomomomomomomomomomomomomomomomomomomomomomomomomomomomomomomomomomomomomomomomomomomomomomomomomomomomomomomomomomomomomomomomomomomomomomomomomomomomomomomomomomomomomomomomomomomomomomomomomomomomomomomomomomomomomomomomomomomomomomomomomomomomomomomomomomomomomomomomomomomomomomomomomomomomomomomomomomomomomomomomomomomomomomomomomomomomomomomomomomomomomomomomomomomomomomomomomomomomomomomomomomomomomomomomomomomomomomomomomomomomomomomomomomomomomomomomomomomomomomomomomomomomomomomomomomomomomomomomomomomomomomomomomomomomomomomomomomomomomomomomomomomomomomomomomomomomomomomomomomomomomomomomomomomomomomomomomomomomomomomomomomomomomomomomomomomomomomomomomomomomomomomomomomomomomomomomomomomomomomomomomomomomomomomomomomomomomomomomomomomomomomomomomomomomomomomomomomomomomomomomomomomomomomomomomomomomomomomomomomomomomomomomomomomomomomomomomomomomomomomomomomomomomomomomomomomomomomomomomomomomomomomomomomomomomomomomomomomomomomomomomomomomomomomomomomomomomomomomomomomomomomomomomomomomomomomomomomomomomomomomomomomomomomomomomomomomomomomomomomomomomomomomomomomomomomomomomomomomomomomomomomomomomomomomomomomomomomomomomomomomomomomomomomomomomomomomomomomomomomomomomomomomomomomomomomomomomomomomomomomomomomomomomomomomomomomomomomomomomomomomomomomomomomomomomomomomomomomomomomomomomomomomomomomomomomomomomomomomomomomomomomomomomomomomomomomomomomomomomomomomomomomomomomomomomomomomomomomomomomomomomomomomomomomomomomomomomomomomomomomomomomomomomomomomomomomomomomomomomomomomomomomomomomomomomomomomomomomomomomomomomomomomomomomomomomomomomomomomomomomomomomomomomomomomomomomomomomomomomomomomomomomomomomomomomomomomomomomomomomomomomomomomomomomomomomomomomomomomomomomomomomomomomomomomomomomomomomomomomomomomomomomomomomomomomomomomomomomomomomomomomomomomomomomomomomomomomomomomomomomomomomomomomomomomomomomomomomomomomomomomomomomomomomomomomomomomomomomomomomomomomomomomomomomomomomomomomomomomomomomomomomomomomomomomomomomomomomomomomomomomomomomomomomomomomomomomomomomomomomomomomomomomomomomomomomomomomomomomomomomomomomomomomomomomomomomomomomomomomomomomomomomomomomomomomomomomomomomomomomomomomomomomomomomomomomomomomomomomomomomomomomomomomomomomomomomomomomomomomomomomomomomomomomomomomomomomomomomomomomomomomomomomomomomomomomomomomomomomomomomomomomomomomomomomomomomomomomomomomomomomomomomomomomomomomomomomomomomomomomomomomomomomomomomomomomomomomomomomomomomomomomomomomomomomomomomomomomomomomomomomomomomomomomomomomomomomomomomomomomomomomomomomomomomomomomomomomomomomomomomomomomomomomomomomomomomomomomomomomomomomomomomomomomomomomomomomomomomomomomomomomomomomomomomomomomomomomomomomomomomomomomomomomomomomomomomomomomomomomomomomomomomomomomomomomomomomomomomomomomomomomomomomomomomomomomomomomomomomomomomomomomomomomomomomomomomomomomomomomomomomomomomomomomomomomomomomomomomomomomomomomomomomomomomomomomomomomomomomomomomomomomomomomomomomomomomomomomomomomomomomomomomomomomomomomomomomomomomomomomomomomomomomomomomomomomomomomomomomomomomomomomomomomomomomomomomomomomomomomomomomomomomomomomomomomomomomomomomomomomomomomomomomomomomomomomomomomomomomomomomomomomomomomomomomomomomomomomomomomomomomomomomomomomomomomomomomomomomomomomomomomomomomomomomomomomomomomomomomomomomomomomomomomomomomomomomomomomomomomomomomomomomomomomomomomomomomomomomomomomomomomomomomomomomomomomomomomomomomomomomomomomomomomomomomomomomomomomomomomomomomomomomomomomomomomomomomomomomomomomomomomomomomomomomomomomomomomomomomomomomomomomomomomomomomomomomomomomomomomomomomomomomomomomomomomomomomomomomomomomomomomomomomomomomomomomomomomomomomomomomomomomomomomomomomomomomomomomomomomomomomomomomomomomomomomomomomomomomomomomomomomomomomomomomomomomomomomomomomomomomomomomomomomomomomomomomomomomomomomomomomomomomomomomomomomomomomomomomomomomomomomomomomomomomomomomomomomomomomomomomomomomomomomomomomomomomomomomomomomomomomomomomomomomomomomomomomomomomomomomomomomomomomomomomomomomomomomomomomomomomomomomomomomomomomomomomomomomomomomomomomomomomomomomomomomomomomomomomomomomomomomomomomomomomomomomomomomomomomomomomomomomomomomomomomomomomomomomomomomomomomomomomomomomomomomomomomomomomomomomomomomomomomomomomomomomomomomomomomomomomomomomomomomomomomomomomomomomomomomomomomomomomomomomomomomomomomomomomomomomomomomomomomomomomomomomomomomomomomomomomomomomomomomomomomomomomomomomomomomomomomomomomomomomomomomomomomomomomomomomomomomomomomomomomomomomomomomomomomomomomomomomomomomomomomomomomomomomomomomomomomomomomomomomomomomomomomomomomomomomomomomomomomomomomomomomomomomomomomomomomomomomomomomomomomomomomomomomomomomomomomomomomomomomomomomomomomomomomomomomomomomomomomomomomomomomomomomomomomomomomomomomomomomomomomomomomomomomomomomomomomomomomomomomomomomomomomomomomomomomomomomomomomomomomomomomomomomomomomomomomomomomomomomomomomomomomomomomomomomomomomomomomomomomomomomomomomomomomomomomomomomomomomomomomomomomomomomomomomomomomomomomomomomomomomomomomomomomomomomomomomomomomomomomomomomomomomomomomomomomomomomomomomomomomomomomomomomomomomomomomomomomomomomomomomomomomomomomomomomomomomomomomomomomomomomomomomomomomomomomomomomomomomomomomomomomomomomomomomomomomomomomomomomomomomomomomomomomomomomomomomomomomomomomomomomomomomomomomomomomomomomomomomomomomomomomomomomomomomomomomomomomomomomomomomomomomomomomomomomomomomomomomomomomomomomomomomomomomomomomomomomomomomomomomomomomomomomomomom |
+----------------------------------------------------------------------------------------------------------------------------------------------------------------------------------------------------------------------------------------------------------------------------------------------------------------------------------------------------------------------------------------------------------------------------------------------------------------------------------------------------------------------------------------------------------------------------------------------------------------------------------------------------------------------------------------------------------------------------------------------------------------------------------------------------------------------------------------------------------------------------------------------------------------------------------------------------------------------------------------------------------------------------------------------------------------------------------------------------------------------------------------------------------------------------------------------------------------------------------------------------------------------------------------------------------------------------------------------------------------------------------------------------------------------------------------------------------------------------------------------------------------------------------------------------------------------------------------------------------------------------------------------------------------------------------------------------------------------------------------------------------------------------------------------------------------------------------------------------------------------------------------------------------------------------------------------------------------------------------------------------------------------------------------------------------------------------------------------------------------------------------------------------------------------------------------------------------------------------------------------------------------------------------------------------------------------------------------------------------------------------------------------------------------------------------------------------------------------------------------------------------------------------------------------------------------------------------------------------------------------------------------------------------------------------------------------------------------------------------------------------------------------------------------------------------------------------------------------------------------------------------------------------------------------------------------------------------------------------------------------------------------------------------------------------------------------------------------------------------------------------------------------------------------------------------------------------------------------------------------------------------------------------------------------------------------------------------------------------------------------------------------------------------------------------------------------------------------------------------------------------------------------------------------------------------------------------------------------------------------------------------------------------------------------------------------------------------------------------------------------------------------------------------------------------------------------------------------------------------------------------------------------------------------------------------------------------------------------------------------------------------------------------------------------------------------------------------------------------------------------------------------------------------------------------------------------------------------------------------------------------------------------------------------------------------------------------------------------------------------------------------------------------------------------------------------------------------------------------------------------------------------------------------------------------------------------------------------------------------------------------------------------------------------------------------------------------------------------------------------------------------------------------------------------------------------------------------------------------------------------------------------------------------------------------------------------------------------------------------------------------------------------------------------------------------------------------------------------------------------------------------------------------------------------------------------------------------------------------------------------------------------------------------------------------------------------------------------------------------------------------------------------------------------------------------------------------------------------------------------------------------------------------------------------------------------------------------------------------------------------------------------------------------------------------------------------------------------------------------------------------------------------------------------------------------------------------------------------------------------------------------------------------------------------------------------------------------------------------------------------------------------------------------------------------------------------------------------------------------------------------------------------------------------------------------------------------------------------------------------------------------------------------------------------------------------------------------------------------------------------------------------------------------------------------------------------------------------------------------------------------------------------------------------------------------------------------------------------------------------------------------------------------------------------------------------------------------------------------------------------------------------------------------------------------------------------------------------------------------------------------------------------------------------------------------------------------------------------------------------------------------------------------------------------------------------------------------------------------------------------------------------------------------------------------------------------------------------------------------------------------------------------------------------------------------------------------------------------------------------------------------------------------------------------------------------------------------------------------------------------------------------------------------------------------------------------------------------------------------------------------------------------------------------------------------------------------------------------------------------------------------------------------------------------------------------------------------------------------------------------------------------------------------------------------------------------------------------------------------------------------------------------------------------------------------------------------------------------------------------------------------------------------------------------------------------------------------------------------------------------------------------------------------------------------------------------------------------------------------------------------------------------------------------------------------------------------------------------------------------------------------------------------------------------------------------------------------------------------------------------------------------------------------------------------------------------------------------------------------------------------------------------------------------------------------------------------------------------------------------------------------------------------------------------------------------------------------------------------------------------------------------------------------------------------------------------------------------------------------------------------------------------------------------------------------------------------------------------------------------------------------------------------------------------------------------------------------------------------------------------------------------------------------------------------------------------------------------------------------------------------------------------------------------------------------------------------------------------------------------------------------------------------------------------------------------------------------------------------------------------------------------------------------------------------------------------------------------------------------------------------------------------------------------------------------------------------------------------------------------------------------------------------------------------------------------------------------------------------------------------------------------------------------------------------------------------------------------------------------------------------------------------------------------------------------------------------------------------------------------------------------------------------------------------------------------------------------------------------------------------------------------------------------------------------------------------------------------------------------------------------------------------------------------------------------------------------------------------------------------------------------------------------------------------------------------------------------------------------------------------------------------------------------------------------------------------------------------------------------------------------------------------------------------------------------------------------------------------------------------------------------------------------------------------------------------------------------------------------------------------------------------------------------------------------------------------------------------------------------------------------------------------------------------------------------------------------------------------------------------------------------------------------------------------------------------------------------------------------------------------------------------------------------------------------------------------------------------------------------------------------------------------------------------------------------------------------------------------------------------------------------------------------------------------------------------------------------------------------------------------------------------------------------------------------------------------------------------------------------------------------------------------------------------------------------------------------------------------------------------------------------------------------------------------------------------------------------------------------------------------------------------------------------------------------------------------------------------------------------------------------------------------------------------------------------------------------------------------------------------------------------------------------------------------------------------------------------------------------------------------------------------------------------------------------------------------------------------------------------------------------------------------------------------------------------------------------------------------------------------------------------------------------------------------------------------------------------------------------------------------------------------------------------------------------------------------------------------------------------------------------------------------------------------------------------------------------------------------------------------------------------------------------------------------------------------------------------------------------------------------------------------------------------------------------------------------------------------------------------------------------------------------------------------------------------------------------------------------------------------------------------------------------------------------------------------------------------------------------------------------------------------------------------------------------------------------------------------------------------------------------------------------------------------------------------------------------------------------------------------------------------------------------------------------------------------------------------------------------------------------------------------------------------------------------------------------------------------------------------------------------------------------------------------------------------------------------------------------------------------------------------------------------------------------------------------------------------------------------------------------------------------------------------------------------------------------------------------------------------------------------------------------------------------------------------------------------------------------------------------------------------------------------------------------------------------------------------------------------------------------------------------------------------------------------------------------------------------------------------------------------------------------------------------------------------------------------------------------------------------------------------------------------------------------------------------------------------------------------------------------------------------------------------------------------------------------------------------------------------------------------------------------------------------------------------------------------------------------------------------------------------------------------------------------------------------------------------------------------------------------------------------------------------------------------------------------------------------------------------------------------------------------------------------------------------------------------------------------------------------------------------------------------------------------------------------------------------------------------------------------------------------------------------------------------------------------------------------------------------------------------------------------------------------------------------------------------------------------------------------------------------------------------------------------------------------------------------------------------------------------------------------------------------------------------------------------------------------------------------------------------------------------------------------------------------------------------------------------------------------------------------------------------------------------------------------------------------------------------------------------------------------------------------------------------------------------------------------------------------------------------------------------------------------------------------------------------------------------------------------------------------------------------------------------------------------------------------------------------------------------------------------------------------------------------------------------------------------------------------------------------------------------------------------------------------------------------------------------------------------------------------------------------------------------------------------------------------------------------------------------------------------------------------------------------------------------------------------------------------------------------------------------------------------------------------------------------------------------------------------------------------------------------------------------------------------------------------------------------------------------------------------------------------------------------------------------------------------------------------------------------------------------------------------------------------------------------------------------------------------------------------------------------------------------------------------------------------------------------------------------------------------------------------------------------------------------------------------------------------------------------------------------------------------------------------------------------------------------------------------------------------------------------------------------------------------------------------------------------------------------------------------------------------------------------------------------------------------------------------------------------------------------------------------------------------------------------------------------------------------------------------------------------------------------------------------------------------------------------------------------------------------------------------------------------------------------------------------------------------------------------------------------------------------------------------------------------------------------------------------------------------------------------------------------------------------------------------------------------------------------------------------------------------------------------------------------------------------------------------------------------------------------------------------------------------------------------------------------------------------------------------------------------------------------------------------------------------------------------------------------------------------------------------------------------------------------------------------------------------------------------------------------------------------------------------------------------------------------------------------------------------------------------------------------------------------------------------------------------------------------------------------------------------------------------------------------------------------------------------------------------------------------------------------------------------------------------------------------------------------------------------------------------------------------------------------------------------------------------------------------------------------------------------------------------------------------------------------------------------------------------------------------------------------------------------------------------------+
1 row in set (0.014 sec)

MariaDB [collegeerp]> select * from stu;
+-----+----------------------+-------+---------+
| rno | name                 | fee   | monitor |
+-----+----------------------+-------+---------+
|   1 | Amar                 | 12000 |    NULL |
|   2 | Ram kumar Raguwanshi | 12000 |       1 |
|   3 | eshwar               | 12000 |       1 |
|   8 | ramesh               |  NULL |       1 |
|   9 | test                 |  5000 |       1 |
|  10 | test                 |  NULL |      14 |
|  11 | test                 |  5000 |       1 |
|  12 | test                 |  NULL |      14 |
|  13 | kavi                 | 45000 |       1 |
|  14 | jay                  | 50000 |    NULL |
|  15 | shashi               | 35000 |       1 |
|  16 | kapil                |  3300 |      14 |
+-----+----------------------+-------+---------+
12 rows in set (0.001 sec)

MariaDB [collegeerp]> select rpad(length(name)+5,'shri') from stu; 
+-----------------------------+
| rpad(length(name)+5,'shri') |
+-----------------------------+
|                             |
|                             |
|                             |
|                             |
|                             |
|                             |
|                             |
|                             |
|                             |
|                             |
|                             |
|                             |
+-----------------------------+
12 rows in set, 13 warnings (0.001 sec)

MariaDB [collegeerp]> select lpad(length(name)+5,'shri') from stu; 
+-----------------------------+
| lpad(length(name)+5,'shri') |
+-----------------------------+
|                             |
|                             |
|                             |
|                             |
|                             |
|                             |
|                             |
|                             |
|                             |
|                             |
|                             |
|                             |
+-----------------------------+
12 rows in set, 13 warnings (0.004 sec)

MariaDB [collegeerp]> select rpad(name,length(name)+5,'shri') from stu; 
+----------------------------------+
| rpad(name,length(name)+5,'shri') |
+----------------------------------+
| Amar shris                       |
| Ram kumar Raguwanshishris        |
| eshwarshris                      |
| rameshshris                      |
| testshris                        |
| testshris                        |
| testshris                        |
| testshris                        |
| kavishris                        |
| jayshris                         |
| shashishris                      |
| kapilshris                       |
+----------------------------------+
12 rows in set (0.000 sec)

MariaDB [collegeerp]> select lpad(name,length(name)+5,'shri') from stu; 
+----------------------------------+
| lpad(name,length(name)+5,'shri') |
+----------------------------------+
| shrisAmar                        |
| shrisRam kumar Raguwanshi        |
| shriseshwar                      |
| shrisramesh                      |
| shristest                        |
| shristest                        |
| shristest                        |
| shristest                        |
| shriskavi                        |
| shrisjay                         |
| shrisshashi                      |
| shriskapil                       |
+----------------------------------+
12 rows in set (0.000 sec)

MariaDB [collegeerp]> select lpad(name,length(name)+5,'shri ') from stu; 
+-----------------------------------+
| lpad(name,length(name)+5,'shri ') |
+-----------------------------------+
| shri Amar                         |
| shri Ram kumar Raguwanshi         |
| shri eshwar                       |
| shri ramesh                       |
| shri test                         |
| shri test                         |
| shri test                         |
| shri test                         |
| shri kavi                         |
| shri jay                          |
| shri shashi                       |
| shri kapil                        |
+-----------------------------------+
12 rows in set (0.001 sec)

MariaDB [collegeerp]> select * from stu where name=soundex('Amar'); 
Empty set (0.024 sec)

MariaDB [collegeerp]> select * from stu where soundex(name)=soundex('Amar'); 
+-----+-------+-------+---------+
| rno | name  | fee   | monitor |
+-----+-------+-------+---------+
|   1 | Amar  | 12000 |    NULL |
+-----+-------+-------+---------+
1 row in set (0.003 sec)

MariaDB [collegeerp]> select * from stu where soundex(name)=soundex('Amor'); 
+-----+-------+-------+---------+
| rno | name  | fee   | monitor |
+-----+-------+-------+---------+
|   1 | Amar  | 12000 |    NULL |
+-----+-------+-------+---------+
1 row in set (0.001 sec)

MariaDB [collegeerp]> select * from stu where soundex(name)=soundex('Amir'); 
+-----+-------+-------+---------+
| rno | name  | fee   | monitor |
+-----+-------+-------+---------+
|   1 | Amar  | 12000 |    NULL |
+-----+-------+-------+---------+
1 row in set (0.000 sec)

MariaDB [collegeerp]> select * from stu where soundex(name)=soundex('Arir'); 
Empty set (0.003 sec)

MariaDB [collegeerp]> select * from stu where soundex(name)=soundex('jmir'); 
Empty set (0.000 sec)

MariaDB [collegeerp]> select * from stu where soundex(name)=soundex('Amir'); 
+-----+-------+-------+---------+
| rno | name  | fee   | monitor |
+-----+-------+-------+---------+
|   1 | Amar  | 12000 |    NULL |
+-----+-------+-------+---------+
1 row in set (0.000 sec)

MariaDB [collegeerp]> notee
